[lcf2qvr8lfj.typeform.com/to/z33bdBCq7b68.html]
[backblue.gif]
[fade.gif]
[index.html]
[public-assets.typeform.com/public/favicon/apple-touch-icon.png]
[public-assets.typeform.com/public/favicon/favicon-32x32.png]
[public-assets.typeform.com/public/favicon/favicon-16x16.png]
[lcf2qvr8lfj.typeform.com/to/z33bdBCq.html]
[lcf2qvr8lfj.typeform.com/cdn-cgi/bm/cv/669835187/api.js]
[renderer-assets.typeform.com/form.74a1f39ae4dfb44ef057.js]
[renderer-assets.typeform.com/phonenumber.f01c6d5c70747f5bb7ea.js]
[renderer-assets.typeform.com/renderer.453fbbb53cf1c8f7cfee.js]
[renderer-assets.typeform.com/vendors_attachment.64702ef4300347c407e1.js]
[renderer-assets.typeform.com/vendors_blocks-respondent-calendly.310f38e2454011135b85.js]
[renderer-assets.typeform.com/vendors_blocks-respondent-matrix.1cb7351a7c632b1d4c91.js]
[renderer-assets.typeform.com/vendors_blocks-respondent-ranking.7139fd02b1afbe1bd057.js]
[renderer-assets.typeform.com/vendors_form.3161a6e5dd294e7a08d5.js]
[lcf2qvr8lfj.typeform.com/to/z33bdBCq7b68.html]
[lcf2qvr8lfj.typeform.com/to/z33bdBCq.html]
[lcf2qvr8lfj.typeform.com/to/Trident/index.html]
[renderer-assets.typeform.com/form.74a1f39ae4dfb44ef057.js]
[renderer-assets.typeform.com/phonenumber.f01c6d5c70747f5bb7ea.js]
[renderer-assets.typeform.com/renderer.453fbbb53cf1c8f7cfee.js]
[renderer-assets.typeform.com/vendors_attachment.64702ef4300347c407e1.js]
[renderer-assets.typeform.com/vendors_blocks-respondent-calendly.310f38e2454011135b85.js]
[renderer-assets.typeform.com/vendors_blocks-respondent-matrix.1cb7351a7c632b1d4c91.js]
[renderer-assets.typeform.com/vendors_blocks-respondent-ranking.7139fd02b1afbe1bd057.js]
[cdn.cookielaw.org/scripttemplates/otSDKStub.js]
[renderer-assets.typeform.com/vendors_form.3161a6e5dd294e7a08d5.js]
[lcf2qvr8lfj.typeform.com/to/$&/index.html]
[lcf2qvr8lfj.typeform.com/to/ï¼/index.html]
