[blog.superhuman.com/index.html]
[backblue.gif]
[fade.gif]
[index.html]
[blog.superhuman.com/assets/css/prism0c96.css]
[blog.superhuman.com/assets/css/prism-carbon0c96.css]
[blog.superhuman.com/assets/fonts/logo.otf]
[blog.superhuman.com/assets/fonts/OperatorMono-Book.otf]
[blog.superhuman.com/assets/fonts/avenir/AvenirLTStd-Book.otf]
[blog.superhuman.com/assets/fonts/avenir/AvenirLTStd-Heavy.otf]
[blog.superhuman.com/assets/fonts/avenir/AvenirLTStd-Medium.otf]
[blog.superhuman.com/favicon.png]
[connect.facebook.net/en_US/fbevents.js]
[blog.superhuman.com/page/2/index.html]
[blog.superhuman.com/rss/index.html]
[blog.superhuman.com/index.html]
[blog.superhuman.com/assets/css/prism0c96.css]
[blog.superhuman.com/assets/css/prism-carbon0c96.css]
[blog.superhuman.com/tag/startups/index.html]
[blog.superhuman.com/page/2/index.html]
[blog.superhuman.com/tag/design/index.html]
[blog.superhuman.com/tag/engineering/index.html]
[blog.superhuman.com/tag/productivity/index.html]
[blog.superhuman.com/assets/js/app.min0c96.js]
[blog.superhuman.com/the-mission-driven-investor-regaining-time-and-energy-with-superhuman/index.html]
[connect.facebook.net/en_US/fbevents.js]
[blog.superhuman.com/tag/startups/index.html]
[blog.superhuman.com/finding-flow-your-personal-toolkit-for-achieving-the-flow-state/index.html]
[blog.superhuman.com/tag/design/index.html]
[blog.superhuman.com/the-medical-consultant-who-keeps-his-business-running-with-superhuman/index.html]
[blog.superhuman.com/the-eco-friendly-entrepreneur-saving-hours-with-superhuman/index.html]
[blog.superhuman.com/how-the-fastest-growing-fintech-startup-scales-with-superhuman/index.html]
[blog.superhuman.com/tag/engineering/index.html]
[blog.superhuman.com/tag/productivity/index.html]
[blog.superhuman.com/how-procrastination-makes-you-even-more-productive/index.html]
[blog.superhuman.com/the-whisky-expert-who-optimizes-productivity/index.html]
[blog.superhuman.com/superhuman-raises-75m-series-c/index.html]
[blog.superhuman.com/content/images/size/w900/2021/09/Devon-Header2-1.jpg]
[blog.superhuman.com/how-to-tell-a-billion-dollar-story/index.html]
[blog.superhuman.com/content/images/2021/09/quote-devon-fanfair2.jpg]
[blog.superhuman.com/how-to-create-remarkable-product-gifs/index.html]
[blog.superhuman.com/the-fastest-way-to-inbox-zero-a-single-coaching-session/index.html]
[blog.superhuman.com/content/images/2021/09/quote-devon-fanfair1.jpg]
[blog.superhuman.com/how-to-design-for-flow/index.html]
[blog.superhuman.com/content/images/2021/09/combined_remind-me_desktop.gif]
[blog.superhuman.com/content/images/2021/09/zoom-google-meet-integration.gif]
[blog.superhuman.com/content/images/2021/09/Devon_Header-1.jpg]
[blog.superhuman.com/the-mission-driven-investor-regaining-time-and-energy-with-superhuman/index.html]
[blog.superhuman.com/how-to-lead-retros-without-the-blame-game/index.html]
[blog.superhuman.com/managing_director_cut_email_by_a_third/index.html]
[blog.superhuman.com/game-design-not-gamification/index.html]
[blog.superhuman.com/content/images/size/w900/2021/09/Header-1.jpg]
[blog.superhuman.com/product-at-hypergrowth-prioritization-for-fast-scaling-startups/index.html]
[blog.superhuman.com/content/images/2021/09/Table--1-.png]
[blog.superhuman.com/finding-flow-your-personal-toolkit-for-achieving-the-flow-state/index.html]
[blog.superhuman.com/how-to-design-the-perfect-hack-day/index.html]
[blog.superhuman.com/9-ways-to-get-through-your-inbox-twice-as-fast/index.html]
[blog.superhuman.com/single-decisive-reason-decision-making-for-fast-scaling-startups/index.html]
[blog.superhuman.com/the-state-of-your-inbox-in-2021/index.html]
[blog.superhuman.com/content/images/size/w900/2021/09/Header.jpg]
[blog.superhuman.com/how-to-write-compelling-outreach/index.html]
[blog.superhuman.com/content/images/2021/09/Quote.jpg]
[blog.superhuman.com/page/3/index.html]
[blog.superhuman.com/how-to-discover-your-company-values/index.html]
[blog.superhuman.com/why-you-need-a-staggered-calendar/index.html]
[blog.superhuman.com/content/images/2021/09/split-inbox.gif]
[blog.superhuman.com/how-to-learn-from-mistakes-faster/index.html]
[blog.superhuman.com/most-productive-brainstorming/index.html]
[blog.superhuman.com/how-to-perfect-your-zoom-setup/index.html]
[blog.superhuman.com/content/images/2021/09/003-e19d63a257e76cd8809e8320f45dbc5f27dd68b6.gif]
[blog.superhuman.com/the-medical-consultant-who-keeps-his-business-running-with-superhuman/index.html]
[blog.superhuman.com/being-indistractable-techniques-from-behavior-expert-nir-eyal/index.html]
[blog.superhuman.com/the-stress-free-way-to-use-slack/index.html]
[blog.superhuman.com/how-leaders-achieve-inbox-zero/index.html]
[blog.superhuman.com/the-benefits-of-european-style-vacation/index.html]
[blog.superhuman.com/content/images/size/w900/2021/08/Dru-Dalton-Header.jpg]
[blog.superhuman.com/the-most-effective-way-to-track-your-time/index.html]
[blog.superhuman.com/how-to-raise-funds-in-an-uncertain-economy/index.html]
[blog.superhuman.com/content/images/2021/08/Command-Palette.png]
[blog.superhuman.com/giving-the-most-effective-feedback/index.html]
[blog.superhuman.com/transcendental-meditation-changed-my-life/index.html]
[blog.superhuman.com/how-to-spend-50-less-time-in-meetings/index.html]
[blog.superhuman.com/how-to-run-your-startup-in-a-recession/index.html]
[blog.superhuman.com/content/images/2021/08/create-event.gif]
[blog.superhuman.com/how-to-eliminate-regular-expression-denial-of-service/index.html]
[blog.superhuman.com/the-eco-friendly-entrepreneur-saving-hours-with-superhuman/index.html]
[blog.superhuman.com/how-to-design-delightful-dark-themes/index.html]
[blog.superhuman.com/performance-metrics-for-blazingly-fast-web-apps/index.html]
[blog.superhuman.com/read-statuses/index.html]
[blog.superhuman.com/how-superhuman-built-an-engine-to-find-product-market-fit/index.html]
[blog.superhuman.com/content/images/size/w900/2021/08/Lukas-Wagner-Header.jpg]
[blog.superhuman.com/advanced-swift-debugging-for-uikit/index.html]
[blog.superhuman.com/content/images/2021/08/Lukas-Wagner-Quote.jpg]
[blog.superhuman.com/c/index.html]
[blog.superhuman.com/b/index.html]
[blog.superhuman.com/how-to-hack-beautiful-flourishes-into-your-font/index.html]
[blog.superhuman.com/content/images/2021/08/split-inbox-1.gif]
[blog.superhuman.com/delightful-search-more-than-meets-the-eye/index.html]
[blog.superhuman.com/building-reliable-apps-on-unreliable-networks/index.html]
[blog.superhuman.com/content/images/2021/08/Command-Palette-1.png]
[blog.superhuman.com/architecting-a-web-app-to-just-work-offline-part-1/index.html]
[blog.superhuman.com/tag/productivity/page/2/index.html]
[blog.superhuman.com/content/images/2021/08/create-event-1.gif]
[blog.superhuman.com/how-the-fastest-growing-fintech-startup-scales-with-superhuman/index.html]
[blog.superhuman.com/author/devon/index.html]
[blog.superhuman.com/author/rahul-vohra/index.html]
[blog.superhuman.com/how-to-design-for-flow/indexefd2.html]
[blog.superhuman.com/content/images/size/w900/2021/08/Header_Productive_Procrastination.jpg]
[blog.superhuman.com/how-procrastination-makes-you-even-more-productive/index.html]
[blog.superhuman.com/author/cheng/index.html]
[blog.superhuman.com/author/dru/index.html]
[blog.superhuman.com/author/lukas/index.html]
[blog.superhuman.com/content/images/size/w900/2021/08/Whisky_Header.jpg]
[platform.twitter.com/widgets.js]
[blog.superhuman.com/the-benefits-of-european-style-vacation/index5db2.html]
[blog.superhuman.com/author/blair/index.html]
[blog.superhuman.com/content/images/2021/08/superhuman-snippets.gif]
[blog.superhuman.com/content/images/2021/08/split-inbox.gif]
[blog.superhuman.com/the-whisky-expert-who-optimizes-productivity/index.html]
[blog.superhuman.com/content/images/size/w900/2021/08/Header.jpg]
[blog.superhuman.com/superhuman-raises-75m-series-c/index.html]
[blog.superhuman.com/content/images/size/w900/2021/07/Header-4.jpg]
[blog.superhuman.com/how-to-tell-a-billion-dollar-story/index.html]
[blog.superhuman.com/the-fastest-way-to-inbox-zero-a-single-coaching-session/indexa40f.html]
[blog.superhuman.com/author/teresa-man/index.html]
[blog.superhuman.com/content/images/2021/07/hero-3.gif]
[blog.superhuman.com/content/images/2021/07/GIF_01--1-.png]
[blog.superhuman.com/content/images/2021/07/GIF_02--1-.png]
[blog.superhuman.com/content/images/2021/07/KeyboardMaestro.gif]
[blog.superhuman.com/content/images/2021/07/SpedUpTyping--1-.gif]
[blog.superhuman.com/content/images/2021/07/Zoom--1-.gif]
[blog.superhuman.com/content/images/2021/07/zoom-google-meet-integration-1.gif]
[blog.superhuman.com/how-to-create-remarkable-product-gifs/index.html]
[blog.superhuman.com/content/images/size/w900/2021/07/Header-3.jpg]
[blog.superhuman.com/content/images/2021/07/superhuman-snippets-1.gif]
[blog.superhuman.com/author/laurel/index.html]
[blog.superhuman.com/content/images/2021/07/Command-Palette.png]
[blog.superhuman.com/content/images/2021/07/bulkactions.gif]
[blog.superhuman.com/content/images/2021/07/Onboarding.png]
[blog.superhuman.com/the-fastest-way-to-inbox-zero-a-single-coaching-session/index.html]
[blog.superhuman.com/content/images/size/w900/2021/06/Header-4.jpg]
[blog.superhuman.com/how-to-design-for-flow/index.html]
[blog.superhuman.com/the-fastest-way-to-inbox-zero-a-single-coaching-session/indexd42f.html]
[blog.superhuman.com/content/images/size/w900/2021/06/Header.jpg]
[blog.superhuman.com/content/images/2021/06/Quote_01.jpg]
[blog.superhuman.com/content/images/2021/06/Quote_02-1.jpg]
[blog.superhuman.com/how-to-lead-retros-without-the-blame-game/index.html]
[blog.superhuman.com/how-to-learn-from-mistakes-faster/indexe05a.html]
[blog.superhuman.com/content/images/size/w900/2021/06/Header-2.jpg]
[blog.superhuman.com/author/ellie-pyemont/index.html]
[blog.superhuman.com/content/images/2021/06/create-event.gif]
[blog.superhuman.com/content/images/2021/06/Header-1.jpg]
[blog.superhuman.com/managing_director_cut_email_by_a_third/index.html]
[blog.superhuman.com/content/images/size/w900/2021/07/Header.jpg]
[blog.superhuman.com/content/images/2021/06/Percentage-of-time-spent-drawing.png]
[blog.superhuman.com/content/images/2021/06/Plutchik-s-Model.png]
[blog.superhuman.com/content/images/2021/06/The-Emotional-Wheel.png]
[blog.superhuman.com/content/images/2021/06/Inbox-Zero.png]
[blog.superhuman.com/content/images/2021/06/Snooze.png]
[blog.superhuman.com/content/images/2021/06/What-is-flow-.png]
[blog.superhuman.com/content/images/2021/06/cmd-k.png]
[blog.superhuman.com/content/images/2021/06/Flow.jpg]
[blog.superhuman.com/content/images/2021/06/Principles-of-Game-Design.png]
[blog.superhuman.com/game-design-not-gamification/index.html]
[blog.superhuman.com/content/images/size/w900/2021/05/Header-2.jpg]
[blog.superhuman.com/author/ketki/index.html]
[blog.superhuman.com/content/images/2021/05/Jar.jpg]
[blog.superhuman.com/content/images/2021/05/create-event.gif]
[blog.superhuman.com/content/images/2021/05/quick-quote-v3.gif]
[blog.superhuman.com/product-at-hypergrowth-prioritization-for-fast-scaling-startups/index.html]
[blog.superhuman.com/content/images/size/w900/2021/07/Header-1.jpg]
[blog.superhuman.com/content/images/2021/05/Flow.jpg]
[blog.superhuman.com/how-to-design-the-perfect-hack-day/index.html]
[blog.superhuman.com/content/images/size/w900/2021/05/Header-1.jpg]
[blog.superhuman.com/content/images/2021/05/cmd-k.png]
[blog.superhuman.com/content/images/2021/05/desktop--2-.gif]
[blog.superhuman.com/content/images/2021/05/01.png]
[blog.superhuman.com/content/images/2021/05/02-1.png]
[blog.superhuman.com/content/images/2021/05/split-inbox.gif]
[blog.superhuman.com/content/images/2021/05/superhuman-snippets.gif]
[blog.superhuman.com/content/images/2021/05/Send-Later-Ad---1250x950-30fps.gif]
[blog.superhuman.com/9-ways-to-get-through-your-inbox-twice-as-fast/index.html]
[blog.superhuman.com/content/images/size/w900/2021/05/Header.jpg]
[blog.superhuman.com/content/images/2021/05/DecisiveReasoning_01-2.jpg]
[blog.superhuman.com/content/images/2021/05/DecisiveReasoning_02-2.jpg]
[blog.superhuman.com/content/images/2021/05/30.jpg]
[blog.superhuman.com/single-decisive-reason-decision-making-for-fast-scaling-startups/index.html]
[blog.superhuman.com/most-productive-brainstorming/index1a4e.html]
[blog.superhuman.com/content/images/size/w900/2021/04/Header.jpg]
[blog.superhuman.com/content/images/2021/04/Habits02.png]
[blog.superhuman.com/content/images/2021/04/Habits09.png]
[blog.superhuman.com/content/images/2021/04/Habits06.png]
[blog.superhuman.com/content/images/2021/04/Habits05.png]
[blog.superhuman.com/content/images/2021/04/Habits01.png]
[blog.superhuman.com/content/images/2021/04/Habits04.png]
[blog.superhuman.com/content/images/2021/04/Habits13.png]
[blog.superhuman.com/content/images/2021/04/Habits10.png]
[blog.superhuman.com/content/images/2021/04/Habits07.png]
[blog.superhuman.com/content/images/2021/04/Habits08.png]
[blog.superhuman.com/content/images/2021/04/Habits15.png]
[blog.superhuman.com/content/images/2021/04/Habits12.png]
[blog.superhuman.com/content/images/2021/04/Habits14.png]
[blog.superhuman.com/the-state-of-your-inbox-in-2021/index.html]
[blog.superhuman.com/content/images/size/w900/2021/04/Outreach_Emails_Header.jpg]
[blog.superhuman.com/how-to-write-compelling-outreach/index.html]
[blog.superhuman.com/page/3/index.html]
[blog.superhuman.com/content/images/size/w900/2021/03/Core-Values-Header.jpg]
[blog.superhuman.com/content/images/2021/03/01.jpg]
[blog.superhuman.com/content/images/2021/03/02.jpg]
[blog.superhuman.com/content/images/2021/03/03.jpg]
[blog.superhuman.com/content/images/2021/03/04.jpg]
[blog.superhuman.com/content/images/2021/03/05.jpg]
[blog.superhuman.com/how-to-discover-your-company-values/index.html]
[blog.superhuman.com/content/images/size/w900/2021/02/Productivity-Calendars.jpg]
[blog.superhuman.com/content/images/2021/02/Staggered-Calendar.jpg]
[blog.superhuman.com/why-you-need-a-staggered-calendar/index.html]
[blog.superhuman.com/content/images/size/w900/2021/02/Accountability_Header.jpg]
[blog.superhuman.com/content/images/2021/02/Stairs-Newsletter-Accountability.png]
[blog.superhuman.com/how-to-learn-from-mistakes-faster/index.html]
[blog.superhuman.com/content/images/size/w900/2021/01/Brainstorming_header.jpg]
[blog.superhuman.com/content/images/2021/02/Meeting.jpg]
[blog.superhuman.com/content/images/2021/01/Brainstorm.jpg]
[blog.superhuman.com/most-productive-brainstorming/index.html]
[blog.superhuman.com/content/images/size/w900/2021/01/Zoom_Header.jpg]
[blog.superhuman.com/content/images/2021/01/Zoom_Post.jpg]
[blog.superhuman.com/how-to-perfect-your-zoom-setup/index.html]
[blog.superhuman.com/content/images/size/w900/2021/01/Distractions_header.jpg]
[blog.superhuman.com/content/images/2021/01/Eyal_Post.jpg]
[blog.superhuman.com/content/images/2021/01/Eyal_Post_2.jpg]
[blog.superhuman.com/being-indistractable-techniques-from-behavior-expert-nir-eyal/index.html]
[blog.superhuman.com/content/images/size/w900/2021/01/Header.jpg]
[blog.superhuman.com/content/images/2021/01/Slack.jpg]
[blog.superhuman.com/the-stress-free-way-to-use-slack/index.html]
[blog.superhuman.com/content/images/size/w900/2021/01/Header-2000.jpg]
[blog.superhuman.com/author/gaurav-vohra/index.html]
[blog.superhuman.com/content/images/2021/01/IZ_Post_1.jpg]
[blog.superhuman.com/content/images/2021/01/IZ_Post_2.jpg]
[blog.superhuman.com/content/images/2020/12/1-ZY6lk97LvkDEsP89AxHL9A.gif]
[blog.superhuman.com/content/images/2021/01/IZ_Post_3.jpg]
[blog.superhuman.com/content/images/2021/01/IZ_Post_4.jpg]
[blog.superhuman.com/content/images/2021/01/IZ_Post_5.jpg]
[blog.superhuman.com/content/images/2020/12/1-ndNQJ-wK-f6ERIIDZS5pDA.gif]
[blog.superhuman.com/content/images/2021/01/IZ_Post_6.jpg]
[blog.superhuman.com/how-leaders-achieve-inbox-zero/index.html]
[blog.superhuman.com/content/images/size/w900/2021/01/Vacation_Header-3.jpg]
[blog.superhuman.com/the-benefits-of-european-style-vacation/index.html]
[blog.superhuman.com/content/images/size/w900/2021/01/Track_Header-1.jpg]
[blog.superhuman.com/content/images/2021/01/Track_Post_2-1.jpg]
[blog.superhuman.com/content/images/2021/01/Track_Post_1.jpg]
[blog.superhuman.com/the-most-effective-way-to-track-your-time/index.html]
[blog.superhuman.com/assets/css/prism5c54.css]
[blog.superhuman.com/assets/css/prism-carbon5c54.css]
[blog.superhuman.com/content/images/size/w900/2021/01/RaiseFund_Header.jpg]
[blog.superhuman.com/content/images/2021/01/RaiseFund_Post_2.jpg]
[blog.superhuman.com/content/images/2021/01/RaiseFund_Post_4.jpg]
[blog.superhuman.com/content/images/2021/01/RaiseFund_Post_1.jpg]
[blog.superhuman.com/content/images/2021/01/RaiseFund_Post_5.jpg]
[blog.superhuman.com/content/images/2021/01/RaiseFund_Post_3.jpg]
[blog.superhuman.com/content/images/2021/01/RaiseFund_Post_6.jpg]
[blog.superhuman.com/how-to-raise-funds-in-an-uncertain-economy/index.html]
[blog.superhuman.com/assets/js/app.min5c54.js]
[blog.superhuman.com/content/images/size/w900/2021/01/Feedback_Header.jpg]
[blog.superhuman.com/giving-the-most-effective-feedback/index.html]
[blog.superhuman.com/content/images/size/w900/2021/01/Meditation_Header-1.jpg]
[blog.superhuman.com/transcendental-meditation-changed-my-life/index.html]
[blog.superhuman.com/content/images/size/w900/2021/01/Header_Meetings.jpg]
[blog.superhuman.com/how-to-spend-50-less-time-in-meetings/index.html]
[blog.superhuman.com/content/images/size/w900/2021/01/Recession_Header-1.jpg]
[blog.superhuman.com/content/images/2021/01/Recession_Post_1.jpg]
[blog.superhuman.com/content/images/2021/01/Recession_Post_2.jpg]
[blog.superhuman.com/content/images/2020/12/spreadsheet.png]
[blog.superhuman.com/how-to-run-your-startup-in-a-recession/index.html]
[blog.superhuman.com/content/images/size/w900/2021/01/Regex_Header.jpg]
[blog.superhuman.com/content/images/2021/01/Regex_Post_1.jpg]
[blog.superhuman.com/author/conrad-irwin/index.html]
[blog.superhuman.com/content/images/2021/01/Regex_Post_2.jpg]
[blog.superhuman.com/how-to-eliminate-regular-expression-denial-of-service/index.html]
[blog.superhuman.com/content/images/size/w900/2021/01/Carbon_Header.jpg]
[blog.superhuman.com/content/images/2021/01/Palette.jpg]
[blog.superhuman.com/content/images/2021/01/Conversion.jpg]
[blog.superhuman.com/content/images/2021/01/Reminder.jpg]
[blog.superhuman.com/content/images/2020/12/Stopwatch-3.gif]
[blog.superhuman.com/content/images/2021/01/Elevation.jpg]
[blog.superhuman.com/content/images/2021/01/Halation.jpg]
[blog.superhuman.com/content/images/2021/01/Colour.jpg]
[blog.superhuman.com/how-to-design-delightful-dark-themes/index.html]
[blog.superhuman.com/content/images/size/w900/2021/01/Performance_Header-1.jpg]
[blog.superhuman.com/content/images/max/800/0-7Q4lWTWtrt7j-C3i.png]
[blog.superhuman.com/content/images/max/800/0-goZNy9Ae9LeigP1_.png]
[blog.superhuman.com/performance-metrics-for-blazingly-fast-web-apps/index.html]
[blog.superhuman.com/content/images/size/w900/2021/01/ReadStatus_Header.jpg]
[blog.superhuman.com/read-statuses/index.html]
[blog.superhuman.com/content/images/size/w900/2021/07/Header-2.jpg]
[assets.proof.pub/2056/firstround/0hHoi0bOQMKGEDuRYSvf_Rahul-2264 (edited) (1).jpg]
[assets.proof.pub/2056/firstround/snOCLQFcTOhuCAZWTTV7_howwouldyoufeelif-resized (1328).png]
[assets.proof.pub/2056/firstround/PewK7vHHTG6AGYNzfQTW_Disappointed question segmented by answer.png]
[assets.proof.pub/2056/firstround/JiY6Csj3S6aeBl3ISFzb_Applying personas.png]
[assets.proof.pub/2056/firstround/U1FcK0XSwKaKi7mejyIv_Segmenting by VD persona chart.png]
[assets.proof.pub/2056/firstround/jyZM8wf7RMyKxbMRGiLo_Impact of segmenting chart.png]
[assets.proof.pub/2056/firstround/sOx7WfC9Tyq4P76da6ng_Benefits word cloud.png]
[assets.proof.pub/2056/firstround/XDy8bpJ0R6K1cyBOC3A2_Segment by speed.png]
[assets.proof.pub/2056/firstround/sjO7dhSQ3aSBrnUuds5B_Feature request word cloud.png]
[blog.superhuman.com/content/images/2021/07/superhuman-snippets.gif]
[assets.proof.pub/2056/firstround/3HOGaVIlR8eT7TCSsR0V_Tracking PMF score.png]
[blog.superhuman.com/how-superhuman-built-an-engine-to-find-product-market-fit/index.html]
[blog.superhuman.com/content/images/size/w900/2021/01/SwiftDebug_Header.jpg]
[blog.superhuman.com/author/peter-livesey/index.html]
[blog.superhuman.com/content/images/2020/12/Advanced-Swift.png]
[blog.superhuman.com/content/images/2020/12/image-1.png]
[blog.superhuman.com/content/images/2020/12/image-2.png]
[blog.superhuman.com/content/images/2020/12/image-3.png]
[blog.superhuman.com/advanced-swift-debugging-for-uikit/index.html]
[blog.superhuman.com/c/index.html]
[blog.superhuman.com/b/index.html]
[blog.superhuman.com/POST/index.html]
[blog.superhuman.com/content/images/size/w900/2021/01/Flourishes_Header-1.jpg]
[blog.superhuman.com/content/images/2020/12/Curvy-vs-Vertical.png]
[blog.superhuman.com/content/images/2021/01/Kerning-1.jpg]
[blog.superhuman.com/content/images/2021/01/Ligature.jpg]
[blog.superhuman.com/content/images/2020/12/Kern---Dlig.png]
[blog.superhuman.com/content/images/2020/12/Kern--Dlig--SS01.png]
[blog.superhuman.com/content/images/2020/12/Kern--Dlig--SS01--OPBD.png]
[blog.superhuman.com/how-to-hack-beautiful-flourishes-into-your-font/index.html]
[blog.superhuman.com/content/images/2020/12/DelightfulSearch--1-.gif]
[blog.superhuman.com/author/bkakadiya42/index.html]
[blog.superhuman.com/content/images/2020/12/image-4.png]
[blog.superhuman.com/content/images/2020/12/image-5.png]
[blog.superhuman.com/content/images/2020/12/image-8.png]
[blog.superhuman.com/content/images/2020/12/image-9.png]
[blog.superhuman.com/content/images/2020/12/image-10.png]
[blog.superhuman.com/content/images/2020/12/image-12.png]
[blog.superhuman.com/content/images/2020/12/image-13.png]
[blog.superhuman.com/delightful-search-more-than-meets-the-eye/index.html]
[blog.superhuman.com/content/images/size/w900/2021/01/Reliable_Header-1.jpg]
[blog.superhuman.com/content/images/2020/12/superhuman-offline.png]
[blog.superhuman.com/content/images/2020/12/superhuman-send-when-online.png]
[blog.superhuman.com/content/images/2020/12/google-offline-1.png]
[blog.superhuman.com/building-reliable-apps-on-unreliable-networks/index.html]
[blog.superhuman.com/content/images/size/w900/2021/01/Offline_Header.jpg]
[blog.superhuman.com/content/images/2020/12/image-14.png]
[blog.superhuman.com/author/islam-sharabash/index.html]
[blog.superhuman.com/content/images/2020/12/image-15.png]
[blog.superhuman.com/content/images/2020/12/image-16.png]
[blog.superhuman.com/architecting-a-web-app-to-just-work-offline-part-1/index.html]
[blog.superhuman.com/tag/productivity/page/2/index.html]
[blog.superhuman.com/author/devon/index.html]
[blog.superhuman.com/author/rahul-vohra/index.html]
[blog.superhuman.com/how-to-design-for-flow/indexefd2.html]
[blog.superhuman.com/author/cheng/index.html]
[blog.superhuman.com/author/dru/index.html]
[blog.superhuman.com/author/lukas/index.html]
[blog.superhuman.com/the-benefits-of-european-style-vacation/index5db2.html]
[blog.superhuman.com/author/rahul-vohra/page/2/index.html]
[blog.superhuman.com/author/blair/index.html]
[blog.superhuman.com/the-fastest-way-to-inbox-zero-a-single-coaching-session/indexa40f.html]
[blog.superhuman.com/author/teresa-man/index.html]
[blog.superhuman.com/author/laurel/index.html]
[blog.superhuman.com/the-fastest-way-to-inbox-zero-a-single-coaching-session/indexd42f.html]
[blog.superhuman.com/how-to-learn-from-mistakes-faster/indexe05a.html]
[blog.superhuman.com/author/ellie-pyemont/index.html]
[blog.superhuman.com/author/ketki/index.html]
[blog.superhuman.com/most-productive-brainstorming/index1a4e.html]
[blog.superhuman.com/author/gaurav-vohra/index.html]
[blog.superhuman.com/assets/css/prism5c54.css]
[blog.superhuman.com/assets/css/prism-carbon5c54.css]
[blog.superhuman.com/author/conrad-irwin/index.html]
[blog.superhuman.com/author/peter-livesey/index.html]
[blog.superhuman.com/POST/index.html]
[blog.superhuman.com/author/bkakadiya42/index.html]
[blog.superhuman.com/author/islam-sharabash/index.html]
[blog.superhuman.com/author/rahul-vohra/page/2/index.html]
