[dudos.co.uk/index.html]
[backblue.gif]
[fade.gif]
[index.html]
[dudos.co.uk/styles.3f4c6a7ff245c3434eb2.css]
[dudos.co.uk/static/header-bkg-5d3575789bd195072e57b3dc58531d3d.jpg]
[dudos.co.uk/sitemap.xml]
[dudos.co.uk/favicon-32x32f694.png]
[dudos.co.uk/manifest.webmanifest]
[dudos.co.uk/icons/icon-48x48f694.png]
[dudos.co.uk/icons/icon-72x72f694.png]
[dudos.co.uk/icons/icon-96x96f694.png]
[dudos.co.uk/icons/icon-144x144f694.png]
[dudos.co.uk/icons/icon-192x192f694.png]
[dudos.co.uk/icons/icon-256x256f694.png]
[dudos.co.uk/icons/icon-384x384f694.png]
[dudos.co.uk/icons/icon-512x512f694.png]
[dudos.co.uk/webpack-runtime-74ac783b867c9d3664f6.js]
[dudos.co.uk/framework-fb1174375948eec197a8.js]
[dudos.co.uk/app-35c26588e473738095e9.js]
[dudos.co.uk/styles-89fd2ae28bdf06750a71.js]
[dudos.co.uk/95b64a6e-3d5ef8cb54c6b9a3f7c9.js]
[dudos.co.uk/252f366e-5dbeb52071da0db0f678.js]
[dudos.co.uk/5e2a4920-a5f8f87a7338a6a1eae5.js]
[dudos.co.uk/7483e2e9a12b2a09f88e706496b8549501d87199-b29e90c87c2d77d97d3c.js]
[dudos.co.uk/da86c68d9f478ba709514fd63f78b9d04677270f-b25087d4ecdd06fda3a6.js]
[dudos.co.uk/d0a52c21cc1bb1d815d2e3d83e22d2ed2773cd53-ddf2ad78179d3f725c64.js]
[dudos.co.uk/component---src-pages-index-js-3dd45574b9110b2231e2.js]
[dudos.co.uk/page-data/index/page-data.json]
[dudos.co.uk/page-data/app-data.json]
[dudos.co.uk/contact/index.html]
[dudos.co.uk/static/5085cfb3353372be09e956227ff98e41/2f1b1/f26a6393-97ae-4b25-a02f-48831c63d2a8_hero-1%403x.jpg]
[dudos.co.uk/static/c07ebf204c40abfb182f5620884ea59c/54311/5f20fa9a-40cf-4426-a594-63bb0bff7d95_home-hero-2.0%402x.png]
[dudos.co.uk/static/9bfda5c6f9a84cd36dcc9bce3d5ce522/68386/1f8297ae-bf9b-4d9f-b88d-dd75e0d2b2c1_hero-5%403x.jpg]
[dudos.co.uk/about/index.html]
[dudos.co.uk/services/index.html]
[dudos.co.uk/portfolio/index.html]
[dudos.co.uk/blog/index.html]
[dudos.co.uk/terms/index.html]
[www.google-analytics.com/analytics.js]
[dudos.co.uk/privacy/index.html]
[dudos.co.uk/index.html]
[dudos.co.uk/styles.3f4c6a7ff245c3434eb2.css]
[dudos.co.uk/polyfill-603516273915cbbbaba2.js]
[dudos.co.uk/component---src-pages-contact-js-9ef1376bb51cd8f8c510.js]
[dudos.co.uk/page-data/contact/page-data.json]
[dudos.co.uk/contact/index.html]
[dudos.co.uk/component---src-templates-webpage-js-9b8a22868d9ccffce009.js]
[dudos.co.uk/page-data/about/page-data.json]
[dudos.co.uk/static/0824aca870bd11de49f219da30aac20d/88b18/503fae0e-22a5-4f83-b092-f2c200b75393_hero-2%403x.jpg]
[dudos.co.uk/static/6080ad47169edf5db38c3fce5185d06a/68386/1f8297ae-bf9b-4d9f-b88d-dd75e0d2b2c1_hero-5%403x.jpg]
[dudos.co.uk/static/6977c294fe02f8637b1af113aeecd466/3e2bf/b8eb3b11-dcdf-41e7-bd6a-e9ebb491a3a1_markhext%402x.png]
[dudos.co.uk/about/index.html]
[dudos.co.uk/page-data/services/page-data.json]
[dudos.co.uk/static/356477de79e3707de4e5cfbea3e32897/88b18/cdd6c563-8204-414c-9408-97db59d6b630_hero-4%403x.jpg]
[dudos.co.uk/static/1a188ec493838c43f63930ed9db95c30/68386/8b333bdd-2c8b-4a03-9133-15074b7ae03c_service-hero-1.jpg]
[dudos.co.uk/services/index.html]
[dudos.co.uk/page-data/portfolio/page-data.json]
[dudos.co.uk/portfolio/index.html]
[dudos.co.uk/page-data/blog/page-data.json]
[dudos.co.uk/blog/index.html]
[dudos.co.uk/component---src-templates-infopage-js-16a74dc7e2a83efe5ec8.js]
[dudos.co.uk/terms/index.html]
[dudos.co.uk/page-data/terms/page-data.json]
[dudos.co.uk/privacy/index.html]
[dudos.co.uk/page-data/privacy/page-data.json]
